2026-05-15 10:54:16 - LoginPage.py - LoginPage - api_login - 115 - INFO - 跳转登录页
2026-05-15 10:54:17 - LoginPage.py - LoginPage - api_login - 118 - INFO - 用户名：+ 周杰伦
2026-05-15 10:54:17 - LoginPage.py - LoginPage - api_login - 119 - INFO - 密码 + 123456
2026-05-15 10:54:17 - LoginPage.py - LoginPage - api_login - 125 - INFO - 通过api登录
2026-05-15 10:54:17 - LoginPage.py - LoginPage - api_login - 129 - INFO - 将token写入sessionstorage
2026-05-15 10:54:19 - LoginPage.py - LoginPage - api_login - 132 - INFO - 跳转主页
2026-05-15 10:54:29 - LoginPage.py - LoginPage - api_login - 115 - INFO - 跳转登录页
2026-05-15 10:54:29 - LoginPage.py - LoginPage - api_login - 118 - INFO - 用户名：+ william
2026-05-15 10:54:29 - LoginPage.py - LoginPage - api_login - 119 - INFO - 密码 + 123456
2026-05-15 10:54:29 - LoginPage.py - LoginPage - api_login - 125 - INFO - 通过api登录
2026-05-15 10:54:29 - LoginPage.py - LoginPage - api_login - 129 - INFO - 将token写入sessionstorage
2026-05-15 10:54:31 - LoginPage.py - LoginPage - api_login - 132 - INFO - 跳转主页
2026-05-15 10:54:55 - LoginPage.py - LoginPage - api_login - 115 - INFO - 跳转登录页
2026-05-15 10:54:56 - LoginPage.py - LoginPage - api_login - 118 - INFO - 用户名：+ 周杰伦
2026-05-15 10:54:56 - LoginPage.py - LoginPage - api_login - 119 - INFO - 密码 + 123456
2026-05-15 10:54:56 - LoginPage.py - LoginPage - api_login - 125 - INFO - 通过api登录
2026-05-15 10:54:56 - LoginPage.py - LoginPage - api_login - 129 - INFO - 将token写入sessionstorage
2026-05-15 10:54:58 - LoginPage.py - LoginPage - api_login - 132 - INFO - 跳转主页
2026-05-15 10:55:08 - LoginPage.py - LoginPage - api_login - 115 - INFO - 跳转登录页
2026-05-15 10:55:08 - LoginPage.py - LoginPage - api_login - 118 - INFO - 用户名：+ william
2026-05-15 10:55:08 - LoginPage.py - LoginPage - api_login - 119 - INFO - 密码 + 123456
2026-05-15 10:55:08 - LoginPage.py - LoginPage - api_login - 125 - INFO - 通过api登录
2026-05-15 10:55:08 - LoginPage.py - LoginPage - api_login - 129 - INFO - 将token写入sessionstorage
2026-05-15 10:55:10 - LoginPage.py - LoginPage - api_login - 132 - INFO - 跳转主页
