2026-05-15 10:44:10 - LoginPage.py - LoginPage - api_login - 115 - INFO - 跳转登录页
2026-05-15 10:44:10 - LoginPage.py - LoginPage - api_login - 118 - INFO - 用户名：+ 周杰伦
2026-05-15 10:44:10 - LoginPage.py - LoginPage - api_login - 119 - INFO - 密码 + 123456
2026-05-15 10:44:10 - LoginPage.py - LoginPage - api_login - 125 - INFO - 通过api登录
2026-05-15 10:44:10 - LoginPage.py - LoginPage - api_login - 129 - INFO - 将token写入sessionstorage
2026-05-15 10:44:12 - LoginPage.py - LoginPage - api_login - 132 - INFO - 跳转主页
2026-05-15 10:44:17 - LoginPage.py - LoginPage - api_login - 115 - INFO - 跳转登录页
2026-05-15 10:44:18 - LoginPage.py - LoginPage - api_login - 118 - INFO - 用户名：+ william
2026-05-15 10:44:18 - LoginPage.py - LoginPage - api_login - 119 - INFO - 密码 + 123456
2026-05-15 10:44:18 - LoginPage.py - LoginPage - api_login - 125 - INFO - 通过api登录
2026-05-15 10:44:18 - LoginPage.py - LoginPage - api_login - 129 - INFO - 将token写入sessionstorage
2026-05-15 10:44:20 - LoginPage.py - LoginPage - api_login - 132 - INFO - 跳转主页
2026-05-15 10:44:39 - LoginPage.py - LoginPage - api_login - 115 - INFO - 跳转登录页
2026-05-15 10:44:39 - LoginPage.py - LoginPage - api_login - 118 - INFO - 用户名：+ 周杰伦
2026-05-15 10:44:39 - LoginPage.py - LoginPage - api_login - 119 - INFO - 密码 + 123456
2026-05-15 10:44:39 - LoginPage.py - LoginPage - api_login - 125 - INFO - 通过api登录
2026-05-15 10:44:39 - LoginPage.py - LoginPage - api_login - 129 - INFO - 将token写入sessionstorage
2026-05-15 10:44:41 - LoginPage.py - LoginPage - api_login - 132 - INFO - 跳转主页
2026-05-15 10:44:46 - LoginPage.py - LoginPage - api_login - 115 - INFO - 跳转登录页
2026-05-15 10:44:47 - LoginPage.py - LoginPage - api_login - 118 - INFO - 用户名：+ william
2026-05-15 10:44:47 - LoginPage.py - LoginPage - api_login - 119 - INFO - 密码 + 123456
2026-05-15 10:44:47 - LoginPage.py - LoginPage - api_login - 125 - INFO - 通过api登录
2026-05-15 10:44:47 - LoginPage.py - LoginPage - api_login - 129 - INFO - 将token写入sessionstorage
2026-05-15 10:44:49 - LoginPage.py - LoginPage - api_login - 132 - INFO - 跳转主页
